// Jest Snapshot v1, https://goo.gl/fbAQLP

exports[`render app snapshot 1`] = `
<div>
  <div
    id="page-login"
  >
    <div
      id="page-header"
    >
      <header
        data-testid="header"
      >
        <div
          className="header-logo"
        >
          <div
            className="header-actions-start"
          />
          <div
            className="header-logo-title"
          >
            <img
              alt="Biblioteca"
              src="logo.svg"
            />
            <span
              className="span"
            >
              Biblioteca
            </span>
          </div>
        </div>
        <div
          className="header-search"
        />
        <div
          className="header-actions-end"
        />
      </header>
    </div>
    <div
      id="page-login-content"
    >
      <form
        id="formuser"
        onSubmit={[Function]}
      >
        <header>
          <h1>
            Login
          </h1>
        </header>
        <fieldset>
          <div
            className="field"
          >
            <label
              htmlFor="user"
            >
              Usuário
            </label>
            <input
              id="user"
              name="user"
              type="text"
            />
          </div>
          <div
            className="field"
          >
            <label
              htmlFor="password"
            >
              Senha
            </label>
            <input
              id="password"
              name="password"
              type="password"
            />
          </div>
        </fieldset>
        <button
          type="submit"
        >
          <span>
            <svg
              fill="none"
              height="1em"
              stroke="currentColor"
              strokeLinecap="round"
              strokeLinejoin="round"
              strokeWidth="2"
              style={
                Object {
                  "color": undefined,
                }
              }
              viewBox="0 0 24 24"
              width="1em"
              xmlns="http://www.w3.org/2000/svg"
            >
              <path
                d="M15 3h4a2 2 0 0 1 2 2v14a2 2 0 0 1-2 2h-4"
              />
              <polyline
                points="10 17 15 12 10 7"
              />
              <line
                x1="15"
                x2="3"
                y1="12"
                y2="12"
              />
            </svg>
          </span>
          <strong>
            Entrar
          </strong>
        </button>
        <div
          id="page-login-criar"
        >
          Não tem uma conta?
          <a
            href="/signup"
            onClick={[Function]}
          >
             Registre-se
          </a>
        </div>
      </form>
    </div>
  </div>
</div>
`;
